// Vitest Snapshot v1, https://vitest.dev/guide/snapshot.html

exports[`BaseLogo > matches snapshot 1`] = `
"<div class="base-logo"><a>
    <p class="base-logo-black">80to<span class="base-logo-color">100</span></p>
  </a></div>"
`;
